4cl2ftol   @   2026-09-18T12:24:18.011

Control Parameters
stages = 2
ctbk = [2, 17]
bold = 0
vtmax = 0
S = 1.5
mmax = 6
INTthres = 1.0e-5
TK = 25.0
νmax = 23.0
ResPrint = 0
maxiter = 60
apology = true
NFOLD = 3
mcalc = 8
λlm0 = 0.0001
%2NDORDER = 
overwrite = false
REJECT = 10.0
νmin = 4.0
Irrep = Ir
sobk = [0, 0]
assign = RAM36
goal = 1.0
opbk = [0, 0]
RUNmode =  EF
turducken = 3
Jmax = 16.5

Initial Parameters
 BK;          2316.7376961119053;   1.0
 BN;           768.9389126679982;   1.0
 B⨦;          47.782554383764364;   1.0
 Dab;        -126.06625320897675;   1.0
 T⁰₀(ϵ);                    -0.0;   0.0
 T¹₁(ϵ);                     0.0;   0.0
 T²₀(ϵ);                     0.0;   0.0
 T²₁(ϵ);                    -0.0;   0.0
 T²₂(ϵ);                     0.0;   0.0
 T²₀(χ);      -69.12549148412748;   1.0
 T²₁(χ);                    -0.0;   0.0
 T²₂(χ);      0.9483897457183351;   1.0
 F;            161663.7125406618;   0.0
 -2ρzF;       -5956.278437018139;   1.0
 -ρxF;                      -0.0;   0.0
 V3/2;      3.3587878929662406e6;   1.0
 ηz;                         0.0;   0.0
 ηx;                         0.0;   0.0

 DN;        -8.063501517607327e-6;   1.0
 V3N;        -0.38067826807272387;   1.0
 V3N;                        -1.0;   0.0

Number of lines = 312

Initial RMS = 14.921985232408575 MHz
Initial λ = 1.481228929197369e-6

-------------------------------------

After   1 Iterations:

RMS = 0.3619 MHz, log₁₀(λ) = -5.8294

                        Parameter     Change
  BK;            2317.22389884707;     0.4862
  BN;           768.7287901642064;    -0.2101
  B⨦;            48.1469166001256;     0.3644
  Dab;        -114.25633022663592;    11.8099
  T⁰₀(ϵ);                    -0.0;      Fixed
  T¹₁(ϵ);                     0.0;      Fixed
  T²₀(ϵ);                     0.0;      Fixed
  T²₁(ϵ);                    -0.0;      Fixed
  T²₂(ϵ);                     0.0;      Fixed
  T²₀(χ);      -69.17581677969963;    -0.0503
  T²₁(χ);                    -0.0;      Fixed
  T²₂(χ);      0.9667518925298014;     0.0184
  F;            161663.7125406618;      Fixed
  -2ρzF;       -5990.626018666246;   -34.3476
  -ρxF;                      -0.0;      Fixed
  V3/2;      3.3714513179772994e6; 12663.4250
  ηz;                         0.0;      Fixed
  ηx;                         0.0;      Fixed
 DN;        -9.518905870575954e-6;    -0.0000
 V3N;         -0.2911851720363093;     0.0895
 V3N;                        -1.0;      Fixed

Max Change; V3N, 23.5089%

-------------------------------------

After   2 Iterations:

RMS = 0.2889 MHz, log₁₀(λ) = -8.7426

                        Parameter     Change
  BK;           2315.088969519378;    -2.1349
  BN;           769.2804796034841;     0.5517
  B⨦;           48.41514006953262;     0.2682
  Dab;        -123.86566823621688;    -9.6093
  T⁰₀(ϵ);                    -0.0;      Fixed
  T¹₁(ϵ);                     0.0;      Fixed
  T²₀(ϵ);                     0.0;      Fixed
  T²₁(ϵ);                    -0.0;      Fixed
  T²₂(ϵ);                     0.0;      Fixed
  T²₀(χ);       -69.2059654433294;    -0.0301
  T²₁(χ);                    -0.0;      Fixed
  T²₂(χ);      0.9815204540417027;     0.0148
  F;            161663.7125406618;      Fixed
  -2ρzF;       -5964.319343720235;    26.3067
  -ρxF;                      -0.0;      Fixed
  V3/2;      3.3628401027767626e6; -8611.2152
  ηz;                         0.0;      Fixed
  ηx;                         0.0;      Fixed
 DN;        -8.445654438991292e-6;     0.0000
 V3N;        -0.35634977840666826;    -0.0652
 V3N;                        -1.0;      Fixed

Max Change; V3N, 22.3791%

-------------------------------------

After   3 Iterations:

RMS = 0.0949 MHz, log₁₀(λ) = -10.1414

                        Parameter     Change
  BK;          2314.5514935406727;    -0.5375
  BN;           769.4287078836702;     0.1482
  B⨦;            48.4872021963416;     0.0721
  Dab;        -125.99838462816257;    -2.1327
  T⁰₀(ϵ);                    -0.0;      Fixed
  T¹₁(ϵ);                     0.0;      Fixed
  T²₀(ϵ);                     0.0;      Fixed
  T²₁(ϵ);                    -0.0;      Fixed
  T²₂(ϵ);                     0.0;      Fixed
  T²₀(χ);      -69.21507981074541;    -0.0091
  T²₁(χ);                    -0.0;      Fixed
  T²₂(χ);      0.9856895526282441;     0.0042
  F;            161663.7125406618;      Fixed
  -2ρzF;       -5959.088664661283;     5.2307
  -ρxF;                      -0.0;      Fixed
  V3/2;      3.3609488922652435e6; -1891.2105
  ηz;                         0.0;      Fixed
  ηx;                         0.0;      Fixed
 DN;        -8.186277913511447e-6;     0.0000
 V3N;         -0.3738077803293153;    -0.0175
 V3N;                        -1.0;      Fixed

Max Change; V3N, 4.8991%

-------------------------------------

After   4 Iterations:

RMS = 0.0230 MHz, log₁₀(λ) = -11.9260

                        Parameter     Change
  BK;           2314.413123054259;    -0.1384
  BN;           769.4673766130059;     0.0387
  B⨦;            48.5060014291787;     0.0188
  Dab;        -126.50875680542255;    -0.5104
  T⁰₀(ϵ);                    -0.0;      Fixed
  T¹₁(ϵ);                     0.0;      Fixed
  T²₀(ϵ);                     0.0;      Fixed
  T²₁(ϵ);                    -0.0;      Fixed
  T²₂(ϵ);                     0.0;      Fixed
  T²₀(χ);      -69.21752367507152;    -0.0024
  T²₁(χ);                    -0.0;      Fixed
  T²₂(χ);      0.9867962316770214;     0.0011
  F;            161663.7125406618;      Fixed
  -2ρzF;       -5957.816584121401;     1.2721
  -ρxF;                      -0.0;      Fixed
  V3/2;      3.3604745619649948e6;  -474.3303
  ηz;                         0.0;      Fixed
  ηx;                         0.0;      Fixed
 DN;        -8.119484051875124e-6;     0.0000
 V3N;         -0.3783492984249902;    -0.0045
 V3N;                        -1.0;      Fixed

Max Change; V3N, 1.2149%

-------------------------------------

After   5 Iterations:

RMS = 0.0076 MHz, log₁₀(λ) = -13.8423

                        Parameter     Change
  BK;           2314.378592916947;    -0.0345
  BN;           769.4770240683346;     0.0096
  B⨦;           48.51069113320563;     0.0047
  Dab;        -126.63788401941916;    -0.1291
  T⁰₀(ϵ);                    -0.0;      Fixed
  T¹₁(ϵ);                     0.0;      Fixed
  T²₀(ϵ);                     0.0;      Fixed
  T²₁(ϵ);                    -0.0;      Fixed
  T²₂(ϵ);                     0.0;      Fixed
  T²₀(χ);      -69.21813276647404;    -0.0006
  T²₁(χ);                    -0.0;      Fixed
  T²₂(χ);       0.987071994890303;     0.0003
  F;            161663.7125406618;      Fixed
  -2ρzF;       -5957.498939656904;     0.3176
  -ρxF;                      -0.0;      Fixed
  V3/2;      3.3603559966082205e6;  -118.5654
  ηz;                         0.0;      Fixed
  ηx;                         0.0;      Fixed
 DN;        -8.102769367279923e-6;     0.0000
 V3N;        -0.37948720028788224;    -0.0011
 V3N;                        -1.0;      Fixed

Max Change; V3N, 0.3008%

-------------------------------------

After   6 Iterations:

RMS = 0.0054 MHz, log₁₀(λ) = -15.6233

                        Parameter     Change
  BK;          2314.3699673919223;    -0.0086
  BN;           769.4794407931539;     0.0024
  B⨦;           48.51186580644513;     0.0012
  Dab;        -126.67035403448675;    -0.0325
  T⁰₀(ϵ);                    -0.0;      Fixed
  T¹₁(ϵ);                     0.0;      Fixed
  T²₀(ϵ);                     0.0;      Fixed
  T²₁(ϵ);                    -0.0;      Fixed
  T²₂(ϵ);                     0.0;      Fixed
  T²₀(χ);      -69.21828595732254;    -0.0002
  T²₁(χ);                    -0.0;      Fixed
  T²₂(χ);       0.987141006177324;     0.0001
  F;            161663.7125406618;      Fixed
  -2ρzF;       -5957.420660850221;     0.0783
  -ρxF;                      -0.0;      Fixed
  V3/2;       3.360326558833846e6;   -29.4378
  ηz;                         0.0;      Fixed
  ηx;                         0.0;      Fixed
 DN;        -8.098591634751018e-6;     0.0000
 V3N;        -0.37977329099913104;    -0.0003
 V3N;                        -1.0;      Fixed

Max Change; V3N, 0.0754%

-------------------------------------

After   7 Iterations:

RMS = 0.0053 MHz, log₁₀(λ) = -17.0716

                        Parameter     Change
  BK;           2314.367822601746;    -0.0021
  BN;           769.4800427630146;     0.0006
  B⨦;          48.512158377203015;     0.0003
  Dab;        -126.67844787847905;    -0.0081
  T⁰₀(ϵ);                    -0.0;      Fixed
  T¹₁(ϵ);                     0.0;      Fixed
  T²₀(ϵ);                     0.0;      Fixed
  T²₁(ϵ);                    -0.0;      Fixed
  T²₂(ϵ);                     0.0;      Fixed
  T²₀(χ);      -69.21832422228415;    -0.0000
  T²₁(χ);                    -0.0;      Fixed
  T²₂(χ);      0.9871581902776806;     0.0000
  F;            161663.7125406618;      Fixed
  -2ρzF;       -5957.401358698078;     0.0193
  -ρxF;                      -0.0;      Fixed
  V3/2;       3.360319261433832e6;    -7.2974
  ηz;                         0.0;      Fixed
  ηx;                         0.0;      Fixed
 DN;        -8.097550883175362e-6;     0.0000
 V3N;        -0.37984475037084675;    -0.0001
 V3N;                        -1.0;      Fixed

Max Change; V3N, 0.0188%

-------------------------------------

After   8 Iterations:

RMS = 0.0053 MHz, log₁₀(λ) = -18.3860

                        Parameter     Change
  BK;          2314.3672899729795;    -0.0005
  BN;           769.4801924901301;     0.0001
  B⨦;           48.51223114189173;     0.0001
  Dab;        -126.68046087824337;    -0.0020
  T⁰₀(ϵ);                    -0.0;      Fixed
  T¹₁(ϵ);                     0.0;      Fixed
  T²₀(ϵ);                     0.0;      Fixed
  T²₁(ϵ);                    -0.0;      Fixed
  T²₂(ϵ);                     0.0;      Fixed
  T²₀(χ);      -69.21833375124842;    -0.0000
  T²₁(χ);                    -0.0;      Fixed
  T²₂(χ);      0.9871624621612218;     0.0000
  F;            161663.7125406618;      Fixed
  -2ρzF;       -5957.396602204537;     0.0048
  -ρxF;                      -0.0;      Fixed
  V3/2;       3.360317453726054e6;    -1.8077
  ηz;                         0.0;      Fixed
  ηx;                         0.0;      Fixed
 DN;         -8.09729197176542e-6;     0.0000
 V3N;        -0.37986257619611535;    -0.0000
 V3N;                        -1.0;      Fixed

Max Change; V3N, 0.0047%

-------------------------------------

After   9 Iterations:

RMS = 0.0053 MHz, log₁₀(λ) = -19.6878

                        Parameter     Change
  BK;          2314.3671576294055;    -0.0001
  BN;           769.4802297289315;     0.0000
  B⨦;            48.5122492386656;     0.0000
  Dab;        -126.68096149674483;    -0.0005
  T⁰₀(ϵ);                    -0.0;      Fixed
  T¹₁(ϵ);                     0.0;      Fixed
  T²₀(ϵ);                     0.0;      Fixed
  T²₁(ϵ);                    -0.0;      Fixed
  T²₂(ϵ);                     0.0;      Fixed
  T²₀(χ);       -69.2183361510433;    -0.0000
  T²₁(χ);                    -0.0;      Fixed
  T²₂(χ);      0.9871635148558667;     0.0000
  F;            161663.7125406618;      Fixed
  -2ρzF;       -5957.395426062602;     0.0012
  -ρxF;                      -0.0;      Fixed
  V3/2;       3.360317005427653e6;    -0.4483
  ηz;                         0.0;      Fixed
  ηx;                         0.0;      Fixed
 DN;        -8.097227577236989e-6;     0.0000
 V3N;         -0.3798670149422037;    -0.0000
 V3N;                        -1.0;      Fixed

Max Change; V3N, 0.0012%

-------------------------------------

After  10 Iterations:

RMS = 0.0053 MHz, log₁₀(λ) = -20.9889

                        Parameter     Change
  BK;          2314.3671247837756;    -0.0000
  BN;           769.4802389784841;     0.0000
  B⨦;          48.512253733672914;     0.0000
  Dab;        -126.68108577688994;    -0.0001
  T⁰₀(ϵ);                    -0.0;      Fixed
  T¹₁(ϵ);                     0.0;      Fixed
  T²₀(ϵ);                     0.0;      Fixed
  T²₁(ϵ);                    -0.0;      Fixed
  T²₂(ϵ);                     0.0;      Fixed
  T²₀(χ);      -69.21833676122814;    -0.0000
  T²₁(χ);                    -0.0;      Fixed
  T²₂(χ);      0.9871637778380848;     0.0000
  F;            161663.7125406618;      Fixed
  -2ρzF;       -5957.395135415658;     0.0003
  -ρxF;                      -0.0;      Fixed
  V3/2;       3.360316894205645e6;    -0.1112
  ηz;                         0.0;      Fixed
  ηx;                         0.0;      Fixed
 DN;        -8.097211450736509e-6;     0.0000
 V3N;         -0.3798681172428676;    -0.0000
 V3N;                        -1.0;      Fixed

Max Change; V3N, 0.0003%
 It would appear step size has converged.

After  10 iterations:

Final RMS = 0.0053 MHz
Final log₁₀(λ) = -20.9889


                         Parameter                    Uncertainty    ‰ Uncertainty
 A;             3028.964056553557;            0.1767032288983801;           0.0583
 B;             866.5047464458299;           0.08007493988505908;           0.0924
 C;             672.4557315111382;           0.08007493988505908;           0.1191
 Dab;         -126.68108577688994;            0.9496142878073903;           7.4961
 ϵzz;                         0.0;                           0.0;                -
 ϵxx;                         0.0;                           0.0;                -
 ϵzx;                        -0.0;                           0.0;                -
 ϵxz;                         0.0;                           0.0;                -
 ϵyy;                        -0.0;                           0.0;                -
 χzz;          -69.21833676122814;           0.05051643195136019;           0.7298
 χxz;                         0.0;                           0.0;                -
 χxx-χyy;      2.4180475482614807;          0.030926867614899402;            12.79
 F;            5.3925209999999995;                           0.0;                -
 ρz;         0.018425270092437253;         2.1743375118237774e-5;           1.1801
 ρx;                          0.0;                           0.0;                -
 V3;            224.1762128789541;           0.08170739760892144;           0.3645
 ηz;                          0.0;                           0.0;                -
 ηx;                          0.0;                           0.0;                -
 DN;        -8.097211450736509e-6;         1.5223559683184224e-7;           18.801
 V3N;         -0.3798681172428676;          0.013091252879835156;          34.4626
 V3N;                        -1.0;                           0.0;                -


Journal Formatted Values
 A;                 3.02896(18)e3
 B;                  866.505(8)e0
 C;                  672.456(8)e0
 Dab;               -126.68(95)e0
 ϵzz;               0.0e0 (Fixed)
 ϵxx;               0.0e0 (Fixed)
 ϵzx;              -0.0e0 (Fixed)
 ϵxz;               0.0e0 (Fixed)
 ϵyy;              -0.0e0 (Fixed)
 χzz;               -69.218(51)e0
 χxz;               0.0e0 (Fixed)
 χxx-χyy;             2.418(31)e0
 F;             5.39252e0 (Fixed)
 ρz;                18.425(22)e-3
 ρx;                0.0e0 (Fixed)
 V3;                224.176(82)e0
 ηz;                0.0e0 (Fixed)
 ηx;                0.0e0 (Fixed)
 DN;                  -8.1(15)e-6
 V3N;               -380.0(13)e-3
 V3N;               -1.e0 (Fixed)


 Again, sorry about the name...


  Correlation matrix:

             1         2         3         4         5

   1       1.0
   2    0.6105       1.0
   3   -0.6344   -0.8996       1.0
   4    0.1636    0.6096   -0.2037       1.0
   5    0.1063     0.098   -0.0727    0.0827       1.0
   6   -0.0174    0.0131   -0.0187   -0.0017    -0.314
   7    0.9985    0.6025    -0.625    0.1622    0.1061
   8    0.2088    0.1352   -0.0974    0.1135    0.0315
   9    0.4958    0.9223   -0.9091    0.4283    0.0532
  10    0.6105       1.0   -0.8995    0.6098    0.0982

             6         7         8         9        10

   6       1.0
   7   -0.0177       1.0
   8   -0.0041    0.2606       1.0
   9      0.02    0.4879    0.1151       1.0
  10     0.013    0.6023    0.1341    0.9223       1.0



